
> reflexion-app@0.1.0 build
> next build

   Ôû▓ Next.js 15.1.9
   - Environments: .env.local, .env

   Creating an optimized production build ...
 Ô£ô Compiled successfully
   Linting and checking validity of types ...
node.exe :  Ô¿» 
ESLint: nextTs is not 
iterable
En línea: 1 Carácter: 
1
+ & "C:\Program Files\
nodejs/node.exe" 
"C:\Program 
Files\nodejs/node_mo 
...
+ ~~~~~~~~~~~~~~~~~~~~
~~~~~~~~~~~~~~~~~~~~~~
~~~~~~~~~~~~~~~~~~~~~~
~~~~~
    + CategoryInfo    
          : NotSpeci  
  fied: ( Ô¿» ESLin   
 t: nextTs is not     
iterable:String)     
[], RemoteExcepti    
on
    + FullyQualifiedE 
   rrorId : NativeCo  
  mmandError
 
Failed to compile.

./lib/stripe.ts:4:5
Type error: Type 
'"2023-10-16"' is not 
assignable to type 
'"2026-01-28.clover"'.

[0m [90m 2 
|[39m[0m
[0m [90m 3 |[39m 
[36mexport[39m 
[36mconst[39m 
stripe [33m=[39m 
[36mnew[39m [33mStr
ipe[39m(process[33m.
[39menv[33m.[39m[3
3mSTRIPE_SECRET_KEY[3
9m[33m![39m[33m,[3
9m {[0m
[0m[31m[1m>[22m[3
9m[90m 4 |[39m     
apiVersion[33m:[39m 
[32m"2023-10-16"[39m
[33m,[39m [90m// 
Use the latest API 
version you're 
comfortable with or 
updated one[39m[0m
[0m [90m   |[39m   
  [31m[1m^[22m[39m
[0m
[0m [90m 5 |[39m   
  
typescript[33m:[39m 
[36mtrue[39m[33m,[
39m[0m
[0m [90m 6 |[39m 
})[0m
[0m [90m 7 
|[39m[0m
Next.js build worker 
exited with code: 1 
and signal: null
